#
# There is insufficient memory for the Java Runtime Environment to continue.
# Native memory allocation (malloc) failed to allocate 942256 bytes. Error detail: Chunk::new
# Possible reasons:
#   The system is out of physical RAM or swap space
#   This process is running with CompressedOops enabled, and the Java Heap may be blocking the growth of the native heap
# Possible solutions:
#   Reduce memory load on the system
#   Increase physical memory or swap space
#   Check if swap backing store is full
#   Decrease Java heap size (-Xmx/-Xms)
#   Decrease number of Java threads
#   Decrease Java thread stack sizes (-Xss)
#   Set larger code cache with -XX:ReservedCodeCacheSize=
#   JVM is running with Unscaled Compressed Oops mode in which the Java heap is
#     placed in the first 4GB address space. The Java Heap base address is the
#     maximum limit for the native heap growth. Please use -XX:HeapBaseMinAddress
#     to set the Java Heap base and to place the Java Heap above 4GB virtual address.
# This output file may be truncated or incomplete.
#
#  Out of Memory Error (arena.cpp:168), pid=5744, tid=10268
#
# JRE version: OpenJDK Runtime Environment Temurin-21.0.7+6 (21.0.7+6) (build 21.0.7+6-LTS)
# Java VM: OpenJDK 64-Bit Server VM Temurin-21.0.7+6 (21.0.7+6-LTS, mixed mode, sharing, tiered, compressed oops, compressed class ptrs, g1 gc, windows-amd64)
# No core dump will be written. Minidumps are not enabled by default on client versions of Windows
#

---------------  S U M M A R Y ------------

Command Line: --add-opens=java.base/java.lang=ALL-UNNAMED --add-opens=java.base/java.lang.invoke=ALL-UNNAMED --add-opens=java.base/java.util=ALL-UNNAMED --add-opens=java.prefs/java.util.prefs=ALL-UNNAMED --add-exports=jdk.compiler/com.sun.tools.javac.api=ALL-UNNAMED --add-exports=jdk.compiler/com.sun.tools.javac.util=ALL-UNNAMED --add-opens=java.base/java.util=ALL-UNNAMED --add-opens=java.prefs/java.util.prefs=ALL-UNNAMED --add-opens=java.base/java.nio.charset=ALL-UNNAMED --add-opens=java.base/java.net=ALL-UNNAMED --add-opens=java.base/java.util.concurrent=ALL-UNNAMED --add-opens=java.base/java.util.concurrent.atomic=ALL-UNNAMED --add-opens=java.xml/javax.xml.namespace=ALL-UNNAMED --add-opens=java.base/java.time=ALL-UNNAMED -Xmx2048m -Dfile.encoding=UTF-8 -Duser.country=US -Duser.language=en -Duser.variant -javaagent:C:\Users\hungk\.gradle\wrapper\dists\gradle-9.3.1-bin\23ovyewtku6u96viwx3xl3oks\gradle-9.3.1\lib\agents\gradle-instrumentation-agent-9.3.1.jar org.gradle.launcher.daemon.bootstrap.GradleDaemon 9.3.1

Host: 11th Gen Intel(R) Core(TM) i5-11400H @ 2.70GHz, 12 cores, 7G,  Windows 11 , 64 bit Build 26100 (10.0.26100.8246)
Time: Sat Apr 18 17:56:58 2026 SE Asia Standard Time elapsed time: 10.128264 seconds (0d 0h 0m 10s)

---------------  T H R E A D  ---------------

Current thread (0x000001907701b7a0):  JavaThread "C2 CompilerThread1" daemon [_thread_in_native, id=10268, stack(0x0000008a16a00000,0x0000008a16b00000) (1024K)]


Current CompileTask:
C2:10128 2636   !   4       java.lang.ClassLoader::loadClass (121 bytes)

Stack: [0x0000008a16a00000,0x0000008a16b00000]
Native frames: (J=compiled Java code, j=interpreted, Vv=VM code, C=native code)
V  [jvm.dll+0x6ce119]
V  [jvm.dll+0x8a84a1]
V  [jvm.dll+0x8aa9ce]
V  [jvm.dll+0x8ab0b3]
V  [jvm.dll+0x27f8a6]
V  [jvm.dll+0xc507d]
V  [jvm.dll+0xc55b3]
V  [jvm.dll+0x2f2c6d]
V  [jvm.dll+0x5f6bca]
V  [jvm.dll+0x250cb2]
V  [jvm.dll+0x25106f]
V  [jvm.dll+0x249934]
V  [jvm.dll+0x246fc4]
V  [jvm.dll+0x1c760e]
V  [jvm.dll+0x25695a]
V  [jvm.dll+0x254efa]
V  [jvm.dll+0x3f03f6]
V  [jvm.dll+0x851f6b]
V  [jvm.dll+0x6cc7dd]
C  [ucrtbase.dll+0x37b0]
C  [KERNEL32.DLL+0x2e8d7]
C  [ntdll.dll+0x8c3fc]


---------------  P R O C E S S  ---------------

Threads class SMR info:
_java_thread_list=0x00000190788f9740, length=24, elements={
0x000001905318b4f0, 0x000001907262b200, 0x000001907262da20, 0x0000019072632710,
0x0000019072633200, 0x0000019072633cf0, 0x00000190726404a0, 0x000001907264cc30,
0x000001907264d5b0, 0x000001907272c440, 0x000001907284b1e0, 0x000001907701b7a0,
0x0000019078585870, 0x00000190787033e0, 0x0000019078604410, 0x000001907877c220,
0x000001907877c880, 0x000001907876db40, 0x000001907874db10, 0x000001907874e830,
0x0000019078750f90, 0x000001907874eec0, 0x000001907874e1a0, 0x000001907874f550
}

Java Threads: ( => current thread )
  0x000001905318b4f0 JavaThread "main"                              [_thread_blocked, id=7940, stack(0x0000008a15800000,0x0000008a15900000) (1024K)]
  0x000001907262b200 JavaThread "Reference Handler"          daemon [_thread_blocked, id=20476, stack(0x0000008a16000000,0x0000008a16100000) (1024K)]
  0x000001907262da20 JavaThread "Finalizer"                  daemon [_thread_blocked, id=22148, stack(0x0000008a16100000,0x0000008a16200000) (1024K)]
  0x0000019072632710 JavaThread "Signal Dispatcher"          daemon [_thread_blocked, id=8296, stack(0x0000008a16200000,0x0000008a16300000) (1024K)]
  0x0000019072633200 JavaThread "Attach Listener"            daemon [_thread_blocked, id=17268, stack(0x0000008a16300000,0x0000008a16400000) (1024K)]
  0x0000019072633cf0 JavaThread "Service Thread"             daemon [_thread_blocked, id=8388, stack(0x0000008a16400000,0x0000008a16500000) (1024K)]
  0x00000190726404a0 JavaThread "Monitor Deflation Thread"   daemon [_thread_blocked, id=15704, stack(0x0000008a16500000,0x0000008a16600000) (1024K)]
  0x000001907264cc30 JavaThread "C2 CompilerThread0"         daemon [_thread_blocked, id=13532, stack(0x0000008a16600000,0x0000008a16700000) (1024K)]
  0x000001907264d5b0 JavaThread "C1 CompilerThread0"         daemon [_thread_blocked, id=21028, stack(0x0000008a16700000,0x0000008a16800000) (1024K)]
  0x000001907272c440 JavaThread "Common-Cleaner"             daemon [_thread_blocked, id=7904, stack(0x0000008a16800000,0x0000008a16900000) (1024K)]
  0x000001907284b1e0 JavaThread "Notification Thread"        daemon [_thread_blocked, id=13724, stack(0x0000008a16900000,0x0000008a16a00000) (1024K)]
=>0x000001907701b7a0 JavaThread "C2 CompilerThread1"         daemon [_thread_in_native, id=10268, stack(0x0000008a16a00000,0x0000008a16b00000) (1024K)]
  0x0000019078585870 JavaThread "Daemon health stats"               [_thread_blocked, id=17020, stack(0x0000008a16f00000,0x0000008a17000000) (1024K)]
  0x00000190787033e0 JavaThread "Incoming local TCP Connector on port 59188"        [_thread_in_native, id=9980, stack(0x0000008a17000000,0x0000008a17100000) (1024K)]
  0x0000019078604410 JavaThread "Daemon periodic checks"            [_thread_blocked, id=19952, stack(0x0000008a17100000,0x0000008a17200000) (1024K)]
  0x000001907877c220 JavaThread "Daemon"                            [_thread_blocked, id=2412, stack(0x0000008a17700000,0x0000008a17800000) (1024K)]
  0x000001907877c880 JavaThread "Handler for socket connection from /127.0.0.1:59188 to /127.0.0.1:59189"        [_thread_in_native, id=15840, stack(0x0000008a17800000,0x0000008a17900000) (1024K)]
  0x000001907876db40 JavaThread "Cancel handler"                    [_thread_blocked, id=10860, stack(0x0000008a17900000,0x0000008a17a00000) (1024K)]
  0x000001907874db10 JavaThread "Daemon worker"                     [_thread_blocked, id=13236, stack(0x0000008a17a00000,0x0000008a17b00000) (1024K)]
  0x000001907874e830 JavaThread "Asynchronous log dispatcher for DefaultDaemonConnection: socket connection from /127.0.0.1:59188 to /127.0.0.1:59189"        [_thread_blocked, id=14792, stack(0x0000008a17b00000,0x0000008a17c00000) (1024K)]
  0x0000019078750f90 JavaThread "Stdin handler"                     [_thread_blocked, id=5596, stack(0x0000008a17c00000,0x0000008a17d00000) (1024K)]
  0x000001907874eec0 JavaThread "Daemon client event forwarder"        [_thread_blocked, id=19932, stack(0x0000008a17d00000,0x0000008a17e00000) (1024K)]
  0x000001907874e1a0 JavaThread "Cache worker for journal cache (C:\Users\hungk\.gradle\caches\journal-1)"        [_thread_blocked, id=20688, stack(0x0000008a17e00000,0x0000008a17f00000) (1024K)]
  0x000001907874f550 JavaThread "File lock request listener"        [_thread_in_native, id=17576, stack(0x0000008a17f00000,0x0000008a18000000) (1024K)]
Total: 24

Other Threads:
  0x000001907260a3f0 VMThread "VM Thread"                           [id=14064, stack(0x0000008a15f00000,0x0000008a16000000) (1024K)] _threads_hazard_ptr=0x00000190788f9740
  0x00000190725fad80 WatcherThread "VM Periodic Task Thread"        [id=21916, stack(0x0000008a15e00000,0x0000008a15f00000) (1024K)]
  0x00000190537fbcb0 WorkerThread "GC Thread#0"                     [id=8036, stack(0x0000008a15900000,0x0000008a15a00000) (1024K)]
  0x000001907260a790 WorkerThread "GC Thread#1"                     [id=7208, stack(0x0000008a16b00000,0x0000008a16c00000) (1024K)]
  0x000001907260b9b0 WorkerThread "GC Thread#2"                     [id=23024, stack(0x0000008a16c00000,0x0000008a16d00000) (1024K)]
  0x000001907260aed0 WorkerThread "GC Thread#3"                     [id=12260, stack(0x0000008a16d00000,0x0000008a16e00000) (1024K)]
  0x000001907260a050 WorkerThread "GC Thread#4"                     [id=21116, stack(0x0000008a16e00000,0x0000008a16f00000) (1024K)]
  0x000001907873cec0 WorkerThread "GC Thread#5"                     [id=22344, stack(0x0000008a17200000,0x0000008a17300000) (1024K)]
  0x000001907873e480 WorkerThread "GC Thread#6"                     [id=17656, stack(0x0000008a17300000,0x0000008a17400000) (1024K)]
  0x000001907873d9a0 WorkerThread "GC Thread#7"                     [id=8420, stack(0x0000008a17400000,0x0000008a17500000) (1024K)]
  0x000001907873dd40 WorkerThread "GC Thread#8"                     [id=18032, stack(0x0000008a17500000,0x0000008a17600000) (1024K)]
  0x000001907873d260 WorkerThread "GC Thread#9"                     [id=23336, stack(0x0000008a17600000,0x0000008a17700000) (1024K)]
  0x000001905380da20 ConcurrentGCThread "G1 Main Marker"            [id=20060, stack(0x0000008a15a00000,0x0000008a15b00000) (1024K)]
  0x000001905380f440 WorkerThread "G1 Conc#0"                       [id=13768, stack(0x0000008a15b00000,0x0000008a15c00000) (1024K)]
  0x00000190724c4d40 ConcurrentGCThread "G1 Refine#0"               [id=17068, stack(0x0000008a15c00000,0x0000008a15d00000) (1024K)]
  0x00000190724c8290 ConcurrentGCThread "G1 Service"                [id=22608, stack(0x0000008a15d00000,0x0000008a15e00000) (1024K)]
Total: 16

Threads with active compile tasks:
C2 CompilerThread0  10139 2681       4       java.util.concurrent.locks.ReentrantLock::unlock (10 bytes)
C1 CompilerThread0  10139 2678   !   3       java.util.concurrent.locks.AbstractQueuedSynchronizer::acquire (424 bytes)
C2 CompilerThread1  10140 2636   !   4       java.lang.ClassLoader::loadClass (121 bytes)
Total: 3

VM state: synchronizing (normal execution)

VM Mutex/Monitor currently owned by a thread:  ([mutex/lock_event])
[0x00007ff8aa45e308] Threads_lock - owner thread: 0x000001907260a3f0

Heap address: 0x0000000080000000, size: 2048 MB, Compressed Oops mode: 32-bit

CDS archive(s) mapped at: [0x0000019000000000-0x0000019000c80000-0x0000019000c80000), size 13107200, SharedBaseAddress: 0x0000019000000000, ArchiveRelocationMode: 1.
Compressed class space mapped at: 0x0000019001000000-0x0000019041000000, reserved size: 1073741824
Narrow klass base: 0x0000019000000000, Narrow klass shift: 0, Narrow klass range: 0x100000000

GC Precious Log:
 CardTable entry size: 512
 Card Set container configuration: InlinePtr #cards 5 size 8 Array Of Cards #cards 12 size 40 Howl #buckets 4 coarsen threshold 1843 Howl Bitmap #cards 512 size 80 coarsen threshold 460 Card regions per heap region 1 cards per card region 2048
 CPUs: 12 total, 12 available
 Memory: 7913M
 Large Page Support: Disabled
 NUMA Support: Disabled
 Compressed Oops: Enabled (32-bit)
 Heap Region Size: 1M
 Heap Min Capacity: 8M
 Heap Initial Capacity: 124M
 Heap Max Capacity: 2G
 Pre-touch: Disabled
 Parallel Workers: 10
 Concurrent Workers: 3
 Concurrent Refinement Workers: 10
 Periodic GC: Disabled

Heap:
 garbage-first heap   total 126976K, used 49518K [0x0000000080000000, 0x0000000100000000)
  region size 1024K, 41 young (41984K), 10 survivors (10240K)
 Metaspace       used 15389K, committed 15808K, reserved 1114112K
  class space    used 2043K, committed 2240K, reserved 1048576K

Heap Regions: E=young(eden), S=young(survivor), O=old, HS=humongous(starts), HC=humongous(continues), CS=collection set, F=free, TAMS=top-at-mark-start, PB=parsable bottom
|   0|0x0000000080000000, 0x0000000080100000, 0x0000000080100000|100%|HS|  |TAMS 0x0000000080000000| PB 0x0000000080000000| Complete 
|   1|0x0000000080100000, 0x0000000080200000, 0x0000000080200000|100%|HC|  |TAMS 0x0000000080100000| PB 0x0000000080100000| Complete 
|   2|0x0000000080200000, 0x0000000080300000, 0x0000000080300000|100%|HC|  |TAMS 0x0000000080200000| PB 0x0000000080200000| Complete 
|   3|0x0000000080300000, 0x0000000080400000, 0x0000000080400000|100%|HC|  |TAMS 0x0000000080300000| PB 0x0000000080300000| Complete 
|   4|0x0000000080400000, 0x0000000080500000, 0x0000000080500000|100%| O|  |TAMS 0x0000000080400000| PB 0x0000000080400000| Untracked 
|   5|0x0000000080500000, 0x0000000080600000, 0x0000000080600000|100%| O|  |TAMS 0x0000000080500000| PB 0x0000000080500000| Untracked 
|   6|0x0000000080600000, 0x0000000080700000, 0x0000000080700000|100%| O|  |TAMS 0x0000000080600000| PB 0x0000000080600000| Untracked 
|   7|0x0000000080700000, 0x0000000080800000, 0x0000000080800000|100%|HS|  |TAMS 0x0000000080700000| PB 0x0000000080700000| Complete 
|   8|0x0000000080800000, 0x0000000080800000, 0x0000000080900000|  0%| F|  |TAMS 0x0000000080800000| PB 0x0000000080800000| Untracked 
|   9|0x0000000080900000, 0x0000000080a00000, 0x0000000080a00000|100%| O|  |TAMS 0x0000000080900000| PB 0x0000000080900000| Untracked 
|  10|0x0000000080a00000, 0x0000000080a5ba80, 0x0000000080b00000| 35%| O|  |TAMS 0x0000000080a00000| PB 0x0000000080a00000| Untracked 
|  11|0x0000000080b00000, 0x0000000080b00000, 0x0000000080c00000|  0%| F|  |TAMS 0x0000000080b00000| PB 0x0000000080b00000| Untracked 
|  12|0x0000000080c00000, 0x0000000080c00000, 0x0000000080d00000|  0%| F|  |TAMS 0x0000000080c00000| PB 0x0000000080c00000| Untracked 
|  13|0x0000000080d00000, 0x0000000080d00000, 0x0000000080e00000|  0%| F|  |TAMS 0x0000000080d00000| PB 0x0000000080d00000| Untracked 
|  14|0x0000000080e00000, 0x0000000080e00000, 0x0000000080f00000|  0%| F|  |TAMS 0x0000000080e00000| PB 0x0000000080e00000| Untracked 
|  15|0x0000000080f00000, 0x0000000080f00000, 0x0000000081000000|  0%| F|  |TAMS 0x0000000080f00000| PB 0x0000000080f00000| Untracked 
|  16|0x0000000081000000, 0x0000000081000000, 0x0000000081100000|  0%| F|  |TAMS 0x0000000081000000| PB 0x0000000081000000| Untracked 
|  17|0x0000000081100000, 0x0000000081100000, 0x0000000081200000|  0%| F|  |TAMS 0x0000000081100000| PB 0x0000000081100000| Untracked 
|  18|0x0000000081200000, 0x0000000081200000, 0x0000000081300000|  0%| F|  |TAMS 0x0000000081200000| PB 0x0000000081200000| Untracked 
|  19|0x0000000081300000, 0x0000000081300000, 0x0000000081400000|  0%| F|  |TAMS 0x0000000081300000| PB 0x0000000081300000| Untracked 
|  20|0x0000000081400000, 0x0000000081400000, 0x0000000081500000|  0%| F|  |TAMS 0x0000000081400000| PB 0x0000000081400000| Untracked 
|  21|0x0000000081500000, 0x0000000081500000, 0x0000000081600000|  0%| F|  |TAMS 0x0000000081500000| PB 0x0000000081500000| Untracked 
|  22|0x0000000081600000, 0x0000000081600000, 0x0000000081700000|  0%| F|  |TAMS 0x0000000081600000| PB 0x0000000081600000| Untracked 
|  23|0x0000000081700000, 0x0000000081700000, 0x0000000081800000|  0%| F|  |TAMS 0x0000000081700000| PB 0x0000000081700000| Untracked 
|  24|0x0000000081800000, 0x0000000081800000, 0x0000000081900000|  0%| F|  |TAMS 0x0000000081800000| PB 0x0000000081800000| Untracked 
|  25|0x0000000081900000, 0x0000000081900000, 0x0000000081a00000|  0%| F|  |TAMS 0x0000000081900000| PB 0x0000000081900000| Untracked 
|  26|0x0000000081a00000, 0x0000000081a00000, 0x0000000081b00000|  0%| F|  |TAMS 0x0000000081a00000| PB 0x0000000081a00000| Untracked 
|  27|0x0000000081b00000, 0x0000000081b00000, 0x0000000081c00000|  0%| F|  |TAMS 0x0000000081b00000| PB 0x0000000081b00000| Untracked 
|  28|0x0000000081c00000, 0x0000000081c00000, 0x0000000081d00000|  0%| F|  |TAMS 0x0000000081c00000| PB 0x0000000081c00000| Untracked 
|  29|0x0000000081d00000, 0x0000000081d00000, 0x0000000081e00000|  0%| F|  |TAMS 0x0000000081d00000| PB 0x0000000081d00000| Untracked 
|  30|0x0000000081e00000, 0x0000000081e00000, 0x0000000081f00000|  0%| F|  |TAMS 0x0000000081e00000| PB 0x0000000081e00000| Untracked 
|  31|0x0000000081f00000, 0x0000000081f00000, 0x0000000082000000|  0%| F|  |TAMS 0x0000000081f00000| PB 0x0000000081f00000| Untracked 
|  32|0x0000000082000000, 0x0000000082000000, 0x0000000082100000|  0%| F|  |TAMS 0x0000000082000000| PB 0x0000000082000000| Untracked 
|  33|0x0000000082100000, 0x0000000082100000, 0x0000000082200000|  0%| F|  |TAMS 0x0000000082100000| PB 0x0000000082100000| Untracked 
|  34|0x0000000082200000, 0x0000000082200000, 0x0000000082300000|  0%| F|  |TAMS 0x0000000082200000| PB 0x0000000082200000| Untracked 
|  35|0x0000000082300000, 0x0000000082300000, 0x0000000082400000|  0%| F|  |TAMS 0x0000000082300000| PB 0x0000000082300000| Untracked 
|  36|0x0000000082400000, 0x0000000082400000, 0x0000000082500000|  0%| F|  |TAMS 0x0000000082400000| PB 0x0000000082400000| Untracked 
|  37|0x0000000082500000, 0x0000000082500000, 0x0000000082600000|  0%| F|  |TAMS 0x0000000082500000| PB 0x0000000082500000| Untracked 
|  38|0x0000000082600000, 0x0000000082600000, 0x0000000082700000|  0%| F|  |TAMS 0x0000000082600000| PB 0x0000000082600000| Untracked 
|  39|0x0000000082700000, 0x0000000082700000, 0x0000000082800000|  0%| F|  |TAMS 0x0000000082700000| PB 0x0000000082700000| Untracked 
|  40|0x0000000082800000, 0x0000000082900000, 0x0000000082900000|100%| S|CS|TAMS 0x0000000082800000| PB 0x0000000082800000| Complete 
|  41|0x0000000082900000, 0x0000000082a00000, 0x0000000082a00000|100%| S|CS|TAMS 0x0000000082900000| PB 0x0000000082900000| Complete 
|  42|0x0000000082a00000, 0x0000000082b00000, 0x0000000082b00000|100%| S|CS|TAMS 0x0000000082a00000| PB 0x0000000082a00000| Complete 
|  43|0x0000000082b00000, 0x0000000082c00000, 0x0000000082c00000|100%| S|CS|TAMS 0x0000000082b00000| PB 0x0000000082b00000| Complete 
|  44|0x0000000082c00000, 0x0000000082d00000, 0x0000000082d00000|100%| S|CS|TAMS 0x0000000082c00000| PB 0x0000000082c00000| Complete 
|  45|0x0000000082d00000, 0x0000000082e00000, 0x0000000082e00000|100%| S|CS|TAMS 0x0000000082d00000| PB 0x0000000082d00000| Complete 
|  46|0x0000000082e00000, 0x0000000082f00000, 0x0000000082f00000|100%| S|CS|TAMS 0x0000000082e00000| PB 0x0000000082e00000| Complete 
|  47|0x0000000082f00000, 0x0000000083000000, 0x0000000083000000|100%| S|CS|TAMS 0x0000000082f00000| PB 0x0000000082f00000| Complete 
|  48|0x0000000083000000, 0x0000000083100000, 0x0000000083100000|100%| S|CS|TAMS 0x0000000083000000| PB 0x0000000083000000| Complete 
|  49|0x0000000083100000, 0x0000000083200000, 0x0000000083200000|100%| S|CS|TAMS 0x0000000083100000| PB 0x0000000083100000| Complete 
|  50|0x0000000083200000, 0x0000000083200000, 0x0000000083300000|  0%| F|  |TAMS 0x0000000083200000| PB 0x0000000083200000| Untracked 
|  51|0x0000000083300000, 0x0000000083300000, 0x0000000083400000|  0%| F|  |TAMS 0x0000000083300000| PB 0x0000000083300000| Untracked 
|  52|0x0000000083400000, 0x0000000083400000, 0x0000000083500000|  0%| F|  |TAMS 0x0000000083400000| PB 0x0000000083400000| Untracked 
|  53|0x0000000083500000, 0x0000000083500000, 0x0000000083600000|  0%| F|  |TAMS 0x0000000083500000| PB 0x0000000083500000| Untracked 
|  54|0x0000000083600000, 0x0000000083600000, 0x0000000083700000|  0%| F|  |TAMS 0x0000000083600000| PB 0x0000000083600000| Untracked 
|  55|0x0000000083700000, 0x0000000083700000, 0x0000000083800000|  0%| F|  |TAMS 0x0000000083700000| PB 0x0000000083700000| Untracked 
|  56|0x0000000083800000, 0x0000000083800000, 0x0000000083900000|  0%| F|  |TAMS 0x0000000083800000| PB 0x0000000083800000| Untracked 
|  57|0x0000000083900000, 0x0000000083900000, 0x0000000083a00000|  0%| F|  |TAMS 0x0000000083900000| PB 0x0000000083900000| Untracked 
|  58|0x0000000083a00000, 0x0000000083a00000, 0x0000000083b00000|  0%| F|  |TAMS 0x0000000083a00000| PB 0x0000000083a00000| Untracked 
|  59|0x0000000083b00000, 0x0000000083b00000, 0x0000000083c00000|  0%| F|  |TAMS 0x0000000083b00000| PB 0x0000000083b00000| Untracked 
|  60|0x0000000083c00000, 0x0000000083c00000, 0x0000000083d00000|  0%| F|  |TAMS 0x0000000083c00000| PB 0x0000000083c00000| Untracked 
|  61|0x0000000083d00000, 0x0000000083d00000, 0x0000000083e00000|  0%| F|  |TAMS 0x0000000083d00000| PB 0x0000000083d00000| Untracked 
|  62|0x0000000083e00000, 0x0000000083e00000, 0x0000000083f00000|  0%| F|  |TAMS 0x0000000083e00000| PB 0x0000000083e00000| Untracked 
|  63|0x0000000083f00000, 0x0000000083f00000, 0x0000000084000000|  0%| F|  |TAMS 0x0000000083f00000| PB 0x0000000083f00000| Untracked 
|  64|0x0000000084000000, 0x0000000084000000, 0x0000000084100000|  0%| F|  |TAMS 0x0000000084000000| PB 0x0000000084000000| Untracked 
|  65|0x0000000084100000, 0x0000000084100000, 0x0000000084200000|  0%| F|  |TAMS 0x0000000084100000| PB 0x0000000084100000| Untracked 
|  66|0x0000000084200000, 0x0000000084200000, 0x0000000084300000|  0%| F|  |TAMS 0x0000000084200000| PB 0x0000000084200000| Untracked 
|  67|0x0000000084300000, 0x0000000084300000, 0x0000000084400000|  0%| F|  |TAMS 0x0000000084300000| PB 0x0000000084300000| Untracked 
|  68|0x0000000084400000, 0x0000000084400000, 0x0000000084500000|  0%| F|  |TAMS 0x0000000084400000| PB 0x0000000084400000| Untracked 
|  69|0x0000000084500000, 0x0000000084500000, 0x0000000084600000|  0%| F|  |TAMS 0x0000000084500000| PB 0x0000000084500000| Untracked 
|  70|0x0000000084600000, 0x0000000084600000, 0x0000000084700000|  0%| F|  |TAMS 0x0000000084600000| PB 0x0000000084600000| Untracked 
|  71|0x0000000084700000, 0x0000000084700000, 0x0000000084800000|  0%| F|  |TAMS 0x0000000084700000| PB 0x0000000084700000| Untracked 
|  72|0x0000000084800000, 0x0000000084800000, 0x0000000084900000|  0%| F|  |TAMS 0x0000000084800000| PB 0x0000000084800000| Untracked 
|  73|0x0000000084900000, 0x0000000084900000, 0x0000000084a00000|  0%| F|  |TAMS 0x0000000084900000| PB 0x0000000084900000| Untracked 
|  74|0x0000000084a00000, 0x0000000084a00000, 0x0000000084b00000|  0%| F|  |TAMS 0x0000000084a00000| PB 0x0000000084a00000| Untracked 
|  75|0x0000000084b00000, 0x0000000084b00000, 0x0000000084c00000|  0%| F|  |TAMS 0x0000000084b00000| PB 0x0000000084b00000| Untracked 
|  76|0x0000000084c00000, 0x0000000084c00000, 0x0000000084d00000|  0%| F|  |TAMS 0x0000000084c00000| PB 0x0000000084c00000| Untracked 
|  77|0x0000000084d00000, 0x0000000084d00000, 0x0000000084e00000|  0%| F|  |TAMS 0x0000000084d00000| PB 0x0000000084d00000| Untracked 
|  78|0x0000000084e00000, 0x0000000084e00000, 0x0000000084f00000|  0%| F|  |TAMS 0x0000000084e00000| PB 0x0000000084e00000| Untracked 
|  79|0x0000000084f00000, 0x0000000084f00000, 0x0000000085000000|  0%| F|  |TAMS 0x0000000084f00000| PB 0x0000000084f00000| Untracked 
|  80|0x0000000085000000, 0x0000000085000000, 0x0000000085100000|  0%| F|  |TAMS 0x0000000085000000| PB 0x0000000085000000| Untracked 
|  81|0x0000000085100000, 0x0000000085100000, 0x0000000085200000|  0%| F|  |TAMS 0x0000000085100000| PB 0x0000000085100000| Untracked 
|  82|0x0000000085200000, 0x0000000085200000, 0x0000000085300000|  0%| F|  |TAMS 0x0000000085200000| PB 0x0000000085200000| Untracked 
|  83|0x0000000085300000, 0x0000000085300000, 0x0000000085400000|  0%| F|  |TAMS 0x0000000085300000| PB 0x0000000085300000| Untracked 
|  84|0x0000000085400000, 0x0000000085400000, 0x0000000085500000|  0%| F|  |TAMS 0x0000000085400000| PB 0x0000000085400000| Untracked 
|  85|0x0000000085500000, 0x0000000085500000, 0x0000000085600000|  0%| F|  |TAMS 0x0000000085500000| PB 0x0000000085500000| Untracked 
|  86|0x0000000085600000, 0x0000000085600000, 0x0000000085700000|  0%| F|  |TAMS 0x0000000085600000| PB 0x0000000085600000| Untracked 
|  87|0x0000000085700000, 0x0000000085700000, 0x0000000085800000|  0%| F|  |TAMS 0x0000000085700000| PB 0x0000000085700000| Untracked 
|  88|0x0000000085800000, 0x0000000085800000, 0x0000000085900000|  0%| F|  |TAMS 0x0000000085800000| PB 0x0000000085800000| Untracked 
|  89|0x0000000085900000, 0x0000000085900000, 0x0000000085a00000|  0%| F|  |TAMS 0x0000000085900000| PB 0x0000000085900000| Untracked 
|  90|0x0000000085a00000, 0x0000000085a00000, 0x0000000085b00000|  0%| F|  |TAMS 0x0000000085a00000| PB 0x0000000085a00000| Untracked 
|  91|0x0000000085b00000, 0x0000000085b00000, 0x0000000085c00000|  0%| F|  |TAMS 0x0000000085b00000| PB 0x0000000085b00000| Untracked 
|  92|0x0000000085c00000, 0x0000000085c00000, 0x0000000085d00000|  0%| F|  |TAMS 0x0000000085c00000| PB 0x0000000085c00000| Untracked 
|  93|0x0000000085d00000, 0x0000000085db83b8, 0x0000000085e00000| 71%| E|  |TAMS 0x0000000085d00000| PB 0x0000000085d00000| Complete 
|  94|0x0000000085e00000, 0x0000000085f00000, 0x0000000085f00000|100%| E|CS|TAMS 0x0000000085e00000| PB 0x0000000085e00000| Complete 
|  95|0x0000000085f00000, 0x0000000086000000, 0x0000000086000000|100%| E|CS|TAMS 0x0000000085f00000| PB 0x0000000085f00000| Complete 
|  96|0x0000000086000000, 0x0000000086100000, 0x0000000086100000|100%| E|CS|TAMS 0x0000000086000000| PB 0x0000000086000000| Complete 
|  97|0x0000000086100000, 0x0000000086200000, 0x0000000086200000|100%| E|CS|TAMS 0x0000000086100000| PB 0x0000000086100000| Complete 
|  98|0x0000000086200000, 0x0000000086300000, 0x0000000086300000|100%| E|CS|TAMS 0x0000000086200000| PB 0x0000000086200000| Complete 
|  99|0x0000000086300000, 0x0000000086400000, 0x0000000086400000|100%| E|CS|TAMS 0x0000000086300000| PB 0x0000000086300000| Complete 
| 100|0x0000000086400000, 0x0000000086500000, 0x0000000086500000|100%| E|CS|TAMS 0x0000000086400000| PB 0x0000000086400000| Complete 
| 101|0x0000000086500000, 0x0000000086600000, 0x0000000086600000|100%| E|CS|TAMS 0x0000000086500000| PB 0x0000000086500000| Complete 
| 102|0x0000000086600000, 0x0000000086700000, 0x0000000086700000|100%| E|CS|TAMS 0x0000000086600000| PB 0x0000000086600000| Complete 
| 103|0x0000000086700000, 0x0000000086800000, 0x0000000086800000|100%| E|CS|TAMS 0x0000000086700000| PB 0x0000000086700000| Complete 
| 104|0x0000000086800000, 0x0000000086900000, 0x0000000086900000|100%| E|  |TAMS 0x0000000086800000| PB 0x0000000086800000| Complete 
| 105|0x0000000086900000, 0x0000000086a00000, 0x0000000086a00000|100%| E|CS|TAMS 0x0000000086900000| PB 0x0000000086900000| Complete 
| 106|0x0000000086a00000, 0x0000000086b00000, 0x0000000086b00000|100%| E|CS|TAMS 0x0000000086a00000| PB 0x0000000086a00000| Complete 
| 107|0x0000000086b00000, 0x0000000086c00000, 0x0000000086c00000|100%| E|CS|TAMS 0x0000000086b00000| PB 0x0000000086b00000| Complete 
| 108|0x0000000086c00000, 0x0000000086d00000, 0x0000000086d00000|100%| E|CS|TAMS 0x0000000086c00000| PB 0x0000000086c00000| Complete 
| 109|0x0000000086d00000, 0x0000000086e00000, 0x0000000086e00000|100%| E|CS|TAMS 0x0000000086d00000| PB 0x0000000086d00000| Complete 
| 110|0x0000000086e00000, 0x0000000086f00000, 0x0000000086f00000|100%| E|CS|TAMS 0x0000000086e00000| PB 0x0000000086e00000| Complete 
| 111|0x0000000086f00000, 0x0000000087000000, 0x0000000087000000|100%| E|CS|TAMS 0x0000000086f00000| PB 0x0000000086f00000| Complete 
| 112|0x0000000087000000, 0x0000000087100000, 0x0000000087100000|100%| E|CS|TAMS 0x0000000087000000| PB 0x0000000087000000| Complete 
| 113|0x0000000087100000, 0x0000000087200000, 0x0000000087200000|100%| E|CS|TAMS 0x0000000087100000| PB 0x0000000087100000| Complete 
| 114|0x0000000087200000, 0x0000000087300000, 0x0000000087300000|100%| E|CS|TAMS 0x0000000087200000| PB 0x0000000087200000| Complete 
| 115|0x0000000087300000, 0x0000000087400000, 0x0000000087400000|100%| E|CS|TAMS 0x0000000087300000| PB 0x0000000087300000| Complete 
| 116|0x0000000087400000, 0x0000000087500000, 0x0000000087500000|100%| E|CS|TAMS 0x0000000087400000| PB 0x0000000087400000| Complete 
| 117|0x0000000087500000, 0x0000000087600000, 0x0000000087600000|100%| E|CS|TAMS 0x0000000087500000| PB 0x0000000087500000| Complete 
| 118|0x0000000087600000, 0x0000000087700000, 0x0000000087700000|100%| E|CS|TAMS 0x0000000087600000| PB 0x0000000087600000| Complete 
| 119|0x0000000087700000, 0x0000000087800000, 0x0000000087800000|100%| E|CS|TAMS 0x0000000087700000| PB 0x0000000087700000| Complete 
| 120|0x0000000087800000, 0x0000000087900000, 0x0000000087900000|100%| E|CS|TAMS 0x0000000087800000| PB 0x0000000087800000| Complete 
| 121|0x0000000087900000, 0x0000000087a00000, 0x0000000087a00000|100%| E|CS|TAMS 0x0000000087900000| PB 0x0000000087900000| Complete 
| 122|0x0000000087a00000, 0x0000000087b00000, 0x0000000087b00000|100%| E|CS|TAMS 0x0000000087a00000| PB 0x0000000087a00000| Complete 
| 123|0x0000000087b00000, 0x0000000087c00000, 0x0000000087c00000|100%| E|CS|TAMS 0x0000000087b00000| PB 0x0000000087b00000| Complete 

Card table byte_map: [0x000001906d520000,0x000001906d920000] _byte_map_base: 0x000001906d120000

Marking Bits: (CMBitMap*) 0x00000190537fc2c0
 Bits: [0x000001906d920000, 0x000001906f920000)

Polling page: 0x0000019053860000

Metaspace:

Usage:
  Non-class:     13.03 MB used.
      Class:      2.00 MB used.
       Both:     15.03 MB used.

Virtual space:
  Non-class space:       64.00 MB reserved,      13.25 MB ( 21%) committed,  1 nodes.
      Class space:        1.00 GB reserved,       2.19 MB ( <1%) committed,  1 nodes.
             Both:        1.06 GB reserved,      15.44 MB (  1%) committed. 

Chunk freelists:
   Non-Class:  1.83 MB
       Class:  13.82 MB
        Both:  15.64 MB

MaxMetaspaceSize: unlimited
CompressedClassSpaceSize: 1.00 GB
Initial GC threshold: 21.00 MB
Current GC threshold: 21.00 MB
CDS: on
 - commit_granule_bytes: 65536.
 - commit_granule_words: 8192.
 - virtual_space_node_default_size: 8388608.
 - enlarge_chunks_in_place: 1.
 - use_allocation_guard: 0.


Internal statistics:

num_allocs_failed_limit: 0.
num_arena_births: 502.
num_arena_deaths: 0.
num_vsnodes_births: 2.
num_vsnodes_deaths: 0.
num_space_committed: 247.
num_space_uncommitted: 0.
num_chunks_returned_to_freelist: 0.
num_chunks_taken_from_freelist: 1013.
num_chunk_merges: 0.
num_chunk_splits: 681.
num_chunks_enlarged: 472.
num_inconsistent_stats: 0.

CodeHeap 'non-profiled nmethods': size=120000Kb used=1328Kb max_used=1328Kb free=118671Kb
 bounds [0x0000019064f50000, 0x00000190651c0000, 0x000001906c480000]
CodeHeap 'profiled nmethods': size=120000Kb used=5248Kb max_used=5248Kb free=114751Kb
 bounds [0x000001905d480000, 0x000001905d9b0000, 0x00000190649b0000]
CodeHeap 'non-nmethods': size=5760Kb used=1611Kb max_used=1628Kb free=4148Kb
 bounds [0x00000190649b0000, 0x0000019064c20000, 0x0000019064f50000]
 total_blobs=3216 nmethods=2680 adapters=440
 compilation: enabled
              stopped_count=0, restarted_count=0
 full_count=0

Compilation events (20 events):
Event: 6.404 Thread 0x000001907264d5b0 2669       3       java.util.stream.StreamSupport::stream (19 bytes)
Event: 6.404 Thread 0x000001907264d5b0 nmethod 2669 0x000001905d998d10 code [0x000001905d998f00, 0x000001905d999330]
Event: 6.404 Thread 0x000001907264d5b0 2670       3       java.util.stream.StreamOpFlag::fromCharacteristics (37 bytes)
Event: 6.404 Thread 0x000001907264d5b0 nmethod 2670 0x000001905d999510 code [0x000001905d9996e0, 0x000001905d999a00]
Event: 6.404 Thread 0x000001907264d5b0 2671       3       java.util.stream.StreamOpFlag::combineOpFlags (9 bytes)
Event: 6.404 Thread 0x000001907264d5b0 nmethod 2671 0x000001905d999b10 code [0x000001905d999cc0, 0x000001905d999e70]
Event: 6.404 Thread 0x000001907264d5b0 2672   !   3       java.util.concurrent.locks.AbstractQueuedSynchronizer::tryInitializeHead (66 bytes)
Event: 6.405 Thread 0x000001907264d5b0 nmethod 2672 0x000001905d999f10 code [0x000001905d99a100, 0x000001905d99a6a0]
Event: 6.420 Thread 0x000001907264d5b0 2673       3       java.util.concurrent.locks.ReentrantLock$NonfairSync::tryAcquire (27 bytes)
Event: 6.420 Thread 0x000001907264d5b0 nmethod 2673 0x000001905d99a810 code [0x000001905d99a9e0, 0x000001905d99ac60]
Event: 6.420 Thread 0x000001907264d5b0 2674   !   3       java.util.concurrent.locks.AbstractQueuedSynchronizer$ConditionObject::newConditionNode (78 bytes)
Event: 6.420 Thread 0x000001907264d5b0 nmethod 2674 0x000001905d99ad10 code [0x000001905d99af80, 0x000001905d99b760]
Event: 6.435 Thread 0x000001907264d5b0 2675       3       java.util.concurrent.locks.AbstractQueuedSynchronizer$Node::getAndUnsetStatus (14 bytes)
Event: 6.435 Thread 0x000001907264d5b0 nmethod 2675 0x000001905d99ba10 code [0x000001905d99bbe0, 0x000001905d99be80]
Event: 6.528 Thread 0x000001907264d5b0 2676       3       java.util.concurrent.locks.AbstractQueuedSynchronizer$Node::clearStatus (12 bytes)
Event: 6.528 Thread 0x000001907264d5b0 nmethod 2676 0x000001905d99bf90 code [0x000001905d99c140, 0x000001905d99c2f8]
Event: 6.528 Thread 0x000001907264d5b0 2677       3       jdk.internal.misc.Unsafe::putIntOpaque (9 bytes)
Event: 6.528 Thread 0x000001907264d5b0 nmethod 2677 0x000001905d99c390 code [0x000001905d99c520, 0x000001905d99c638]
Event: 6.544 Thread 0x000001907264d5b0 2678   !   3       java.util.concurrent.locks.AbstractQueuedSynchronizer::acquire (424 bytes)
Event: 6.963 Thread 0x000001907264cc30 2681       4       java.util.concurrent.locks.ReentrantLock::unlock (10 bytes)

GC Heap History (6 events):
Event: 1.339 GC heap before
{Heap before GC invocations=0 (full 0):
 garbage-first heap   total 126976K, used 22528K [0x0000000080000000, 0x0000000100000000)
  region size 1024K, 23 young (23552K), 0 survivors (0K)
 Metaspace       used 873K, committed 1024K, reserved 1114112K
  class space    used 66K, committed 128K, reserved 1048576K
}
Event: 1.341 GC heap after
{Heap after GC invocations=1 (full 0):
 garbage-first heap   total 126976K, used 1664K [0x0000000080000000, 0x0000000100000000)
  region size 1024K, 2 young (2048K), 2 survivors (2048K)
 Metaspace       used 873K, committed 1024K, reserved 1114112K
  class space    used 66K, committed 128K, reserved 1048576K
}
Event: 1.872 GC heap before
{Heap before GC invocations=1 (full 0):
 garbage-first heap   total 126976K, used 41600K [0x0000000080000000, 0x0000000100000000)
  region size 1024K, 38 young (38912K), 2 survivors (2048K)
 Metaspace       used 4575K, committed 4800K, reserved 1114112K
  class space    used 563K, committed 640K, reserved 1048576K
}
Event: 1.878 GC heap after
{Heap after GC invocations=2 (full 0):
 garbage-first heap   total 126976K, used 11618K [0x0000000080000000, 0x0000000100000000)
  region size 1024K, 5 young (5120K), 5 survivors (5120K)
 Metaspace       used 4575K, committed 4800K, reserved 1114112K
  class space    used 563K, committed 640K, reserved 1048576K
}
Event: 2.683 GC heap before
{Heap before GC invocations=2 (full 0):
 garbage-first heap   total 126976K, used 83298K [0x0000000080000000, 0x0000000100000000)
  region size 1024K, 74 young (75776K), 5 survivors (5120K)
 Metaspace       used 9998K, committed 10304K, reserved 1114112K
  class space    used 1285K, committed 1472K, reserved 1048576K
}
Event: 2.689 GC heap after
{Heap after GC invocations=3 (full 0):
 garbage-first heap   total 126976K, used 19822K [0x0000000080000000, 0x0000000100000000)
  region size 1024K, 10 young (10240K), 10 survivors (10240K)
 Metaspace       used 9998K, committed 10304K, reserved 1114112K
  class space    used 1285K, committed 1472K, reserved 1048576K
}

Dll operation events (15 events):
Event: 0.016 Loaded shared library C:\Users\hungk\.gradle\jdks\eclipse_adoptium-21-amd64-windows.2\bin\java.dll
Event: 0.051 Loaded shared library C:\Users\hungk\.gradle\jdks\eclipse_adoptium-21-amd64-windows.2\bin\jsvml.dll
Event: 0.081 Loaded shared library C:\Users\hungk\.gradle\jdks\eclipse_adoptium-21-amd64-windows.2\bin\zip.dll
Event: 0.083 Loaded shared library C:\Users\hungk\.gradle\jdks\eclipse_adoptium-21-amd64-windows.2\bin\instrument.dll
Event: 0.087 Loaded shared library C:\Users\hungk\.gradle\jdks\eclipse_adoptium-21-amd64-windows.2\bin\net.dll
Event: 0.090 Loaded shared library C:\Users\hungk\.gradle\jdks\eclipse_adoptium-21-amd64-windows.2\bin\nio.dll
Event: 0.092 Loaded shared library C:\Users\hungk\.gradle\jdks\eclipse_adoptium-21-amd64-windows.2\bin\zip.dll
Event: 1.345 Loaded shared library C:\Users\hungk\.gradle\jdks\eclipse_adoptium-21-amd64-windows.2\bin\jimage.dll
Event: 1.504 Loaded shared library C:\Users\hungk\.gradle\jdks\eclipse_adoptium-21-amd64-windows.2\bin\verify.dll
Event: 1.522 Loaded shared library C:\Users\hungk\.gradle\native\660c5614fbf4a5f2a75b1949f50a0caf5cd603558e7d8a26e50b933a0cfb79d1\windows-amd64\native-platform.dll
Event: 1.601 Loaded shared library C:\Users\hungk\.gradle\native\0.2.8\x86_64-windows-gnu\gradle-fileevents.dll
Event: 2.365 Loaded shared library C:\Users\hungk\.gradle\jdks\eclipse_adoptium-21-amd64-windows.2\bin\management.dll
Event: 2.368 Loaded shared library C:\Users\hungk\.gradle\jdks\eclipse_adoptium-21-amd64-windows.2\bin\management_ext.dll
Event: 2.471 Loaded shared library C:\Users\hungk\.gradle\jdks\eclipse_adoptium-21-amd64-windows.2\bin\extnet.dll
Event: 2.697 Loaded shared library C:\Users\hungk\.gradle\jdks\eclipse_adoptium-21-amd64-windows.2\bin\sunmscapi.dll

Deoptimization events (20 events):
Event: 3.004 Thread 0x000001907874db10 Uncommon trap: trap_request=0xffffffde fr.pc=0x0000019065029fe4 relative=0x0000000000000304
Event: 3.004 Thread 0x000001907874db10 Uncommon trap: reason=class_check action=maybe_recompile pc=0x0000019065029fe4 method=java.util.regex.Pattern$BmpCharPropertyGreedy.match(Ljava/util/regex/Matcher;ILjava/lang/CharSequence;)Z @ 26 c2
Event: 3.004 Thread 0x000001907874db10 DEOPT PACKING pc=0x0000019065029fe4 sp=0x0000008a17afbb70
Event: 3.004 Thread 0x000001907874db10 DEOPT UNPACKING pc=0x0000019064a07da2 sp=0x0000008a17afbb28 mode 2
Event: 3.004 Thread 0x000001907874db10 Uncommon trap: trap_request=0xffffffde fr.pc=0x0000019065029fe4 relative=0x0000000000000304
Event: 3.004 Thread 0x000001907874db10 Uncommon trap: reason=class_check action=maybe_recompile pc=0x0000019065029fe4 method=java.util.regex.Pattern$BmpCharPropertyGreedy.match(Ljava/util/regex/Matcher;ILjava/lang/CharSequence;)Z @ 26 c2
Event: 3.004 Thread 0x000001907874db10 DEOPT PACKING pc=0x0000019065029fe4 sp=0x0000008a17afbae0
Event: 3.004 Thread 0x000001907874db10 DEOPT UNPACKING pc=0x0000019064a07da2 sp=0x0000008a17afba98 mode 2
Event: 3.016 Thread 0x000001907874f550 Uncommon trap: trap_request=0xffffff45 fr.pc=0x000001906504a81c relative=0x000000000000017c
Event: 3.016 Thread 0x000001907874f550 Uncommon trap: reason=unstable_if action=reinterpret pc=0x000001906504a81c method=java.util.concurrent.locks.ReentrantLock$NonfairSync.initialTryLock()Z @ 25 c2
Event: 3.016 Thread 0x000001907874f550 DEOPT PACKING pc=0x000001906504a81c sp=0x0000008a17ffed10
Event: 3.016 Thread 0x000001907874f550 DEOPT UNPACKING pc=0x0000019064a07da2 sp=0x0000008a17ffecb0 mode 2
Event: 6.097 Thread 0x000001907874db10 Uncommon trap: trap_request=0xffffff45 fr.pc=0x0000019064f795f0 relative=0x0000000000000130
Event: 6.097 Thread 0x000001907874db10 Uncommon trap: reason=unstable_if action=reinterpret pc=0x0000019064f795f0 method=java.util.regex.Matcher.reset()Ljava/util/regex/Matcher; @ 47 c2
Event: 6.097 Thread 0x000001907874db10 DEOPT PACKING pc=0x0000019064f795f0 sp=0x0000008a17afaa50
Event: 6.097 Thread 0x000001907874db10 DEOPT UNPACKING pc=0x0000019064a07da2 sp=0x0000008a17afa9f8 mode 2
Event: 6.097 Thread 0x000001907874db10 Uncommon trap: trap_request=0xffffff45 fr.pc=0x0000019064f7b018 relative=0x0000000000000418
Event: 6.097 Thread 0x000001907874db10 Uncommon trap: reason=unstable_if action=reinterpret pc=0x0000019064f7b018 method=java.util.regex.Matcher.match(II)Z @ 76 c2
Event: 6.097 Thread 0x000001907874db10 DEOPT PACKING pc=0x0000019064f7b018 sp=0x0000008a17afaaa0
Event: 6.097 Thread 0x000001907874db10 DEOPT UNPACKING pc=0x0000019064a07da2 sp=0x0000008a17afaa78 mode 2

Classes loaded (20 events):
Event: 2.994 Loading class java/nio/file/attribute/PosixFilePermissions
Event: 2.994 Loading class java/nio/file/attribute/PosixFilePermissions done
Event: 2.994 Loading class java/util/RegularEnumSet$EnumSetIterator
Event: 2.994 Loading class java/util/RegularEnumSet$EnumSetIterator done
Event: 2.995 Loading class java/nio/file/attribute/PosixFilePermissions$1
Event: 2.995 Loading class java/nio/file/attribute/PosixFilePermissions$1 done
Event: 3.005 Loading class java/util/concurrent/ArrayBlockingQueue
Event: 3.005 Loading class java/util/concurrent/ArrayBlockingQueue done
Event: 3.005 Loading class java/util/concurrent/locks/ReentrantLock$FairSync
Event: 3.006 Loading class java/util/concurrent/locks/ReentrantLock$FairSync done
Event: 3.016 Loading class java/net/DatagramPacket
Event: 3.017 Loading class java/net/DatagramPacket done
Event: 3.017 Loading class sun/nio/ch/DatagramChannelImpl$DatagramPackets
Event: 3.017 Loading class sun/nio/ch/DatagramChannelImpl$DatagramPackets done
Event: 4.067 Loading class java/lang/management/MemoryType
Event: 4.067 Loading class java/lang/management/MemoryType done
Event: 4.070 Loading class java/lang/management/MemoryUsage
Event: 4.070 Loading class java/lang/management/MemoryUsage done
Event: 4.070 Loading class java/util/concurrent/LinkedBlockingDeque$Node
Event: 4.070 Loading class java/util/concurrent/LinkedBlockingDeque$Node done

Classes unloaded (0 events):
No events

Classes redefined (0 events):
No events

Internal exceptions (20 events):
Event: 2.413 Thread 0x000001905318b4f0 Exception <a 'java/lang/NoSuchMethodError'{0x0000000083c79648}: 'java.lang.Object java.lang.invoke.DirectMethodHandle$Holder.invokeStatic(java.lang.Object, java.lang.Object, java.lang.Object, java.lang.Object, java.lang.Object, java.lang.Object, java.lang.Object, java.lang.Object, java.lang.Object, java.lang.Object, java.lang.Object, java.lang.Object, java.lang.Object, java.lang.Object, java.lang.Object, java.lang.Object)'> (0x0000000083c79648) 
thrown [s\src\hotspot\share\interpreter\linkResolver.cpp, lin
Event: 2.497 Thread 0x000001905318b4f0 Exception <a 'java/lang/NoSuchMethodError'{0x00000000838a7a58}: 'java.lang.Object java.lang.invoke.DirectMethodHandle$Holder.invokeVirtual(java.lang.Object, java.lang.Object, java.lang.Object, java.lang.Object, java.lang.Object, java.lang.Object, java.lang.Object, java.lang.Object, java.lang.Object)'> (0x00000000838a7a58) 
thrown [s\src\hotspot\share\interpreter\linkResolver.cpp, line 773]
Event: 2.536 Thread 0x000001905318b4f0 Exception <a 'java/lang/NoSuchMethodError'{0x0000000083658b68}: 'java.lang.Object java.lang.invoke.DirectMethodHandle$Holder.invokeStaticInit(java.lang.Object, int, int, int, int)'> (0x0000000083658b68) 
thrown [s\src\hotspot\share\interpreter\linkResolver.cpp, line 773]
Event: 2.550 Thread 0x000001905318b4f0 Exception <a 'java/lang/NoSuchMethodError'{0x00000000836be9e8}: 'java.lang.Object java.lang.invoke.DirectMethodHandle$Holder.invokeStaticInit(java.lang.Object, java.lang.Object, int, int, int, int)'> (0x00000000836be9e8) 
thrown [s\src\hotspot\share\interpreter\linkResolver.cpp, line 773]
Event: 2.629 Thread 0x000001905318b4f0 Exception <a 'java/io/IOException'{0x00000000833bdfe0}> (0x00000000833bdfe0) 
thrown [s\src\hotspot\share\prims\jni.cpp, line 520]
Event: 2.633 Thread 0x000001905318b4f0 Implicit null exception at 0x0000019064faffa4 to 0x0000019064fb066c
Event: 2.637 Thread 0x000001905318b4f0 Exception <a 'java/lang/NoSuchMethodError'{0x00000000832346a0}: 'java.lang.Object java.lang.invoke.DirectMethodHandle$Holder.newInvokeSpecial(java.lang.Object, java.lang.Object, java.lang.Object, java.lang.Object, java.lang.Object)'> (0x00000000832346a0) 
thrown [s\src\hotspot\share\interpreter\linkResolver.cpp, line 773]
Event: 2.759 Thread 0x000001907877c220 Exception <a 'java/lang/NoSuchMethodError'{0x00000000878d3488}: 'void java.lang.invoke.DirectMethodHandle$Holder.invokeSpecial(java.lang.Object, java.lang.Object, java.lang.Object)'> (0x00000000878d3488) 
thrown [s\src\hotspot\share\interpreter\linkResolver.cpp, line 773]
Event: 2.795 Thread 0x000001907874db10 Exception <a 'java/lang/NoSuchMethodError'{0x0000000087372ac0}: 'java.lang.Object java.lang.invoke.DirectMethodHandle$Holder.invokeVirtual(java.lang.Object, java.lang.Object, java.lang.Object, java.lang.Object, java.lang.Object, java.lang.Object, java.lang.Object)'> (0x0000000087372ac0) 
thrown [s\src\hotspot\share\interpreter\linkResolver.cpp, line 773]
Event: 2.802 Thread 0x000001907874db10 Exception <a 'java/lang/NoSuchMethodError'{0x000000008720ec28}: 'long java.lang.invoke.DirectMethodHandle$Holder.invokeInterface(java.lang.Object, java.lang.Object)'> (0x000000008720ec28) 
thrown [s\src\hotspot\share\interpreter\linkResolver.cpp, line 773]
Event: 2.836 Thread 0x000001907874db10 Exception <a 'java/lang/NoSuchMethodError'{0x0000000086e02ee8}: 'void java.lang.invoke.DirectMethodHandle$Holder.invokeStatic(java.lang.Object, java.lang.Object)'> (0x0000000086e02ee8) 
thrown [s\src\hotspot\share\interpreter\linkResolver.cpp, line 773]
Event: 2.841 Thread 0x000001907874db10 Exception <a 'java/lang/NoSuchMethodError'{0x0000000086e5e430}: 'java.lang.Object java.lang.invoke.DirectMethodHandle$Holder.invokeVirtual(java.lang.Object, java.lang.Object, java.lang.Object, java.lang.Object, java.lang.Object, java.lang.Object, java.lang.Object, java.lang.Object, java.lang.Object, java.lang.Object, java.lang.Object, java.lang.Object)'> (0x0000000086e5e430) 
thrown [s\src\hotspot\share\interpreter\linkResolver.cpp, line 773]
Event: 2.841 Thread 0x000001907874db10 Exception <a 'java/lang/NoSuchMethodError'{0x0000000086e63580}: 'java.lang.Object java.lang.invoke.DirectMethodHandle$Holder.invokeSpecial(java.lang.Object, java.lang.Object, java.lang.Object, java.lang.Object, java.lang.Object, java.lang.Object, java.lang.Object, java.lang.Object, java.lang.Object, java.lang.Object, java.lang.Object, java.lang.Object, java.lang.Object)'> (0x0000000086e63580) 
thrown [s\src\hotspot\share\interpreter\linkResolver.cpp, line 773]
Event: 2.865 Thread 0x000001907874db10 Exception <a 'java/lang/NoSuchMethodError'{0x0000000086cc5420}: 'int java.lang.invoke.DirectMethodHandle$Holder.invokeVirtual(java.lang.Object, java.lang.Object, java.lang.Object)'> (0x0000000086cc5420) 
thrown [s\src\hotspot\share\interpreter\linkResolver.cpp, line 773]
Event: 2.890 Thread 0x000001907874db10 Exception <a 'java/lang/NoSuchMethodError'{0x000000008695a1a0}: 'java.lang.Object java.lang.invoke.DirectMethodHandle$Holder.newInvokeSpecial(java.lang.Object, java.lang.Object, java.lang.Object, java.lang.Object, java.lang.Object, java.lang.Object)'> (0x000000008695a1a0) 
thrown [s\src\hotspot\share\interpreter\linkResolver.cpp, line 773]
Event: 2.922 Thread 0x000001907874db10 Exception <a 'java/lang/NoSuchMethodError'{0x0000000086609b38}: 'void java.lang.invoke.DelegatingMethodHandle$Holder.reinvoke_L(java.lang.Object, java.lang.Object, java.lang.Object, java.lang.Object, java.lang.Object, java.lang.Object, java.lang.Object, java.lang.Object, java.lang.Object, java.lang.Object)'> (0x0000000086609b38) 
thrown [s\src\hotspot\share\interpreter\linkResolver.cpp, line 773]
Event: 2.923 Thread 0x000001907874db10 Exception <a 'java/lang/NoSuchMethodError'{0x0000000086611618}: 'java.lang.Object java.lang.invoke.Invokers$Holder.invoker(java.lang.Object, java.lang.Object, java.lang.Object, java.lang.Object, java.lang.Object, java.lang.Object, java.lang.Object, java.lang.Object, java.lang.Object, java.lang.Object)'> (0x0000000086611618) 
thrown [s\src\hotspot\share\interpreter\linkResolver.cpp, line 773]
Event: 2.996 Thread 0x000001907874db10 Exception <a 'java/lang/NoSuchMethodError'{0x00000000860b8df8}: 'void java.lang.invoke.DirectMethodHandle$Holder.invokeInterface(java.lang.Object, java.lang.Object)'> (0x00000000860b8df8) 
thrown [s\src\hotspot\share\interpreter\linkResolver.cpp, line 773]
Event: 2.996 Thread 0x000001907874db10 Exception <a 'java/lang/IncompatibleClassChangeError'{0x00000000860bc378}: Found class java.lang.Object, but interface was expected> (0x00000000860bc378) 
thrown [s\src\hotspot\share\interpreter\linkResolver.cpp, line 840]
Event: 3.007 Thread 0x000001907874db10 Exception <a 'java/lang/NoSuchMethodError'{0x0000000085fee6f8}: 'java.lang.Object java.lang.invoke.DirectMethodHandle$Holder.newInvokeSpecial(java.lang.Object, java.lang.Object, int)'> (0x0000000085fee6f8) 
thrown [s\src\hotspot\share\interpreter\linkResolver.cpp, line 773]

ZGC Phase Switch (0 events):
No events

VM Operations (20 events):
Event: 2.400 Executing VM operation: HandshakeAllThreads (Deoptimize) done
Event: 2.457 Executing VM operation: ICBufferFull
Event: 2.458 Executing VM operation: ICBufferFull done
Event: 2.467 Executing VM operation: HandshakeAllThreads (Deoptimize)
Event: 2.467 Executing VM operation: HandshakeAllThreads (Deoptimize) done
Event: 2.513 Executing VM operation: HandshakeAllThreads (Deoptimize)
Event: 2.513 Executing VM operation: HandshakeAllThreads (Deoptimize) done
Event: 2.545 Executing VM operation: HandshakeAllThreads (Deoptimize)
Event: 2.545 Executing VM operation: HandshakeAllThreads (Deoptimize) done
Event: 2.683 Executing VM operation: G1CollectForAllocation (G1 Evacuation Pause)
Event: 2.689 Executing VM operation: G1CollectForAllocation (G1 Evacuation Pause) done
Event: 2.701 Executing VM operation: HandshakeAllThreads (Deoptimize)
Event: 2.701 Executing VM operation: HandshakeAllThreads (Deoptimize) done
Event: 3.006 Executing VM operation: HandshakeAllThreads (Deoptimize)
Event: 3.006 Executing VM operation: HandshakeAllThreads (Deoptimize) done
Event: 4.018 Executing VM operation: Cleanup
Event: 4.066 Executing VM operation: Cleanup done
Event: 5.071 Executing VM operation: Cleanup
Event: 5.071 Executing VM operation: Cleanup done
Event: 7.087 Executing VM operation: Cleanup

Memory protections (0 events):
No events

Nmethod flushes (0 events):
No events

Events (20 events):
Event: 0.049 Thread 0x000001905318b4f0 Thread added: 0x0000019072633200
Event: 0.049 Thread 0x000001905318b4f0 Thread added: 0x0000019072633cf0
Event: 0.049 Thread 0x000001905318b4f0 Thread added: 0x00000190726404a0
Event: 0.049 Thread 0x000001905318b4f0 Thread added: 0x000001907264cc30
Event: 0.049 Thread 0x000001905318b4f0 Thread added: 0x000001907264d5b0
Event: 0.065 Thread 0x000001905318b4f0 Thread added: 0x000001907272c440
Event: 0.101 Thread 0x000001905318b4f0 Thread added: 0x000001907284b1e0
Event: 1.326 Thread 0x000001907264d5b0 Thread added: 0x000001907701b7a0
Event: 2.401 Thread 0x000001905318b4f0 Thread added: 0x0000019078585870
Event: 2.563 Thread 0x000001905318b4f0 Thread added: 0x00000190787033e0
Event: 2.642 Thread 0x000001905318b4f0 Thread added: 0x0000019078604410
Event: 2.724 Thread 0x00000190787033e0 Thread added: 0x000001907877c220
Event: 2.726 Thread 0x000001907877c220 Thread added: 0x000001907877c880
Event: 2.742 Thread 0x000001907877c220 Thread added: 0x000001907876db40
Event: 2.760 Thread 0x000001907877c220 Thread added: 0x000001907874db10
Event: 2.767 Thread 0x000001907874db10 Thread added: 0x000001907874e830
Event: 2.768 Thread 0x000001907874db10 Thread added: 0x0000019078750f90
Event: 2.772 Thread 0x000001907874db10 Thread added: 0x000001907874eec0
Event: 3.006 Thread 0x000001907874db10 Thread added: 0x000001907874e1a0
Event: 3.016 Thread 0x000001907874db10 Thread added: 0x000001907874f550


Dynamic libraries:
0x00007ff642fd0000 - 0x00007ff642fde000 	C:\Users\hungk\.gradle\jdks\eclipse_adoptium-21-amd64-windows.2\bin\java.exe
0x00007ff959420000 - 0x00007ff959687000 	C:\WINDOWS\SYSTEM32\ntdll.dll
0x00007ff957e00000 - 0x00007ff957ec9000 	C:\WINDOWS\System32\KERNEL32.DLL
0x00007ff956db0000 - 0x00007ff9571a4000 	C:\WINDOWS\System32\KERNELBASE.dll
0x00007ff955ee0000 - 0x00007ff95602b000 	C:\WINDOWS\System32\ucrtbase.dll
0x00007ff93fc30000 - 0x00007ff93fc48000 	C:\Users\hungk\.gradle\jdks\eclipse_adoptium-21-amd64-windows.2\bin\jli.dll
0x00007ff957380000 - 0x00007ff957545000 	C:\WINDOWS\System32\USER32.dll
0x00007ff93fbe0000 - 0x00007ff93fbfe000 	C:\Users\hungk\.gradle\jdks\eclipse_adoptium-21-amd64-windows.2\bin\VCRUNTIME140.dll
0x00007ff9569e0000 - 0x00007ff956a07000 	C:\WINDOWS\System32\win32u.dll
0x00007ff93bda0000 - 0x00007ff93c033000 	C:\WINDOWS\WinSxS\amd64_microsoft.windows.common-controls_6595b64144ccf1df_6.0.26100.8115_none_3e075c82e3354f9c\COMCTL32.dll
0x00007ff959130000 - 0x00007ff95915b000 	C:\WINDOWS\System32\GDI32.dll
0x00007ff9577c0000 - 0x00007ff957869000 	C:\WINDOWS\System32\msvcrt.dll
0x00007ff955db0000 - 0x00007ff955edb000 	C:\WINDOWS\System32\gdi32full.dll
0x00007ff956b90000 - 0x00007ff956c33000 	C:\WINDOWS\System32\msvcp_win.dll
0x00007ff9576f0000 - 0x00007ff957722000 	C:\WINDOWS\System32\IMM32.DLL
0x00007ff93fac0000 - 0x00007ff93facc000 	C:\Users\hungk\.gradle\jdks\eclipse_adoptium-21-amd64-windows.2\bin\vcruntime140_1.dll
0x00007ff925a30000 - 0x00007ff925abd000 	C:\Users\hungk\.gradle\jdks\eclipse_adoptium-21-amd64-windows.2\bin\msvcp140.dll
0x00007ff8a97b0000 - 0x00007ff8aa540000 	C:\Users\hungk\.gradle\jdks\eclipse_adoptium-21-amd64-windows.2\bin\server\jvm.dll
0x00007ff959070000 - 0x00007ff959126000 	C:\WINDOWS\System32\ADVAPI32.dll
0x00007ff9572d0000 - 0x00007ff957377000 	C:\WINDOWS\System32\sechost.dll
0x00007ff9571b0000 - 0x00007ff9572c8000 	C:\WINDOWS\System32\RPCRT4.dll
0x00007ff957730000 - 0x00007ff9577b0000 	C:\WINDOWS\System32\WS2_32.dll
0x00007ff954910000 - 0x00007ff95496e000 	C:\WINDOWS\SYSTEM32\POWRPROF.dll
0x00007ff94add0000 - 0x00007ff94ae06000 	C:\WINDOWS\SYSTEM32\WINMM.dll
0x00007ff950bc0000 - 0x00007ff950bcb000 	C:\WINDOWS\SYSTEM32\VERSION.dll
0x00007ff9548f0000 - 0x00007ff954904000 	C:\WINDOWS\SYSTEM32\UMPDC.dll
0x00007ff954ba0000 - 0x00007ff954bbb000 	C:\WINDOWS\SYSTEM32\kernel.appcore.dll
0x00007ff93fab0000 - 0x00007ff93faba000 	C:\Users\hungk\.gradle\jdks\eclipse_adoptium-21-amd64-windows.2\bin\jimage.dll
0x00007ff9536e0000 - 0x00007ff953922000 	C:\WINDOWS\SYSTEM32\DBGHELP.DLL
0x00007ff957910000 - 0x00007ff957c92000 	C:\WINDOWS\System32\combase.dll
0x00007ff958d50000 - 0x00007ff958e28000 	C:\WINDOWS\System32\OLEAUT32.dll
0x00007ff91e530000 - 0x00007ff91e56b000 	C:\WINDOWS\SYSTEM32\dbgcore.DLL
0x00007ff9560c0000 - 0x00007ff956165000 	C:\WINDOWS\System32\bcryptPrimitives.dll
0x00007ff93f9f0000 - 0x00007ff93f9ff000 	C:\Users\hungk\.gradle\jdks\eclipse_adoptium-21-amd64-windows.2\bin\instrument.dll
0x00007ff93ea70000 - 0x00007ff93ea8f000 	C:\Users\hungk\.gradle\jdks\eclipse_adoptium-21-amd64-windows.2\bin\java.dll
0x00007ff957f70000 - 0x00007ff9586d7000 	C:\WINDOWS\System32\SHELL32.dll
0x00007ff956c40000 - 0x00007ff956daa000 	C:\WINDOWS\System32\wintypes.dll
0x00007ff956170000 - 0x00007ff9569d8000 	C:\WINDOWS\System32\windows.storage.dll
0x00007ff958e30000 - 0x00007ff958f28000 	C:\WINDOWS\System32\SHCORE.dll
0x00007ff958ce0000 - 0x00007ff958d46000 	C:\WINDOWS\System32\shlwapi.dll
0x00007ff955c10000 - 0x00007ff955c39000 	C:\WINDOWS\SYSTEM32\profapi.dll
0x00007ff925950000 - 0x00007ff925a27000 	C:\Users\hungk\.gradle\jdks\eclipse_adoptium-21-amd64-windows.2\bin\jsvml.dll
0x00007ff93e450000 - 0x00007ff93e468000 	C:\Users\hungk\.gradle\jdks\eclipse_adoptium-21-amd64-windows.2\bin\zip.dll
0x00007ff93f9e0000 - 0x00007ff93f9f0000 	C:\Users\hungk\.gradle\jdks\eclipse_adoptium-21-amd64-windows.2\bin\net.dll
0x00007ff94da50000 - 0x00007ff94db7d000 	C:\WINDOWS\SYSTEM32\WINHTTP.dll
0x00007ff955110000 - 0x00007ff95517c000 	C:\WINDOWS\system32\mswsock.dll
0x00007ff93d3f0000 - 0x00007ff93d406000 	C:\Users\hungk\.gradle\jdks\eclipse_adoptium-21-amd64-windows.2\bin\nio.dll
0x00007ff93f430000 - 0x00007ff93f440000 	C:\Users\hungk\.gradle\jdks\eclipse_adoptium-21-amd64-windows.2\bin\verify.dll
0x00007ff93a030000 - 0x00007ff93a057000 	C:\Users\hungk\.gradle\native\660c5614fbf4a5f2a75b1949f50a0caf5cd603558e7d8a26e50b933a0cfb79d1\windows-amd64\native-platform.dll
0x00007ff915800000 - 0x00007ff915877000 	C:\Users\hungk\.gradle\native\0.2.8\x86_64-windows-gnu\gradle-fileevents.dll
0x00007ff93b290000 - 0x00007ff93b29a000 	C:\Users\hungk\.gradle\jdks\eclipse_adoptium-21-amd64-windows.2\bin\management.dll
0x00007ff93b280000 - 0x00007ff93b28b000 	C:\Users\hungk\.gradle\jdks\eclipse_adoptium-21-amd64-windows.2\bin\management_ext.dll
0x00007ff958b70000 - 0x00007ff958b78000 	C:\WINDOWS\System32\PSAPI.DLL
0x00007ff954660000 - 0x00007ff954692000 	C:\WINDOWS\SYSTEM32\IPHLPAPI.DLL
0x00007ff957880000 - 0x00007ff95788a000 	C:\WINDOWS\System32\NSI.dll
0x00007ff93b270000 - 0x00007ff93b279000 	C:\Users\hungk\.gradle\jdks\eclipse_adoptium-21-amd64-windows.2\bin\extnet.dll
0x00007ff9553f0000 - 0x00007ff95540b000 	C:\WINDOWS\SYSTEM32\CRYPTSP.dll
0x00007ff954b00000 - 0x00007ff954b39000 	C:\WINDOWS\system32\rsaenh.dll
0x00007ff9551c0000 - 0x00007ff9551f3000 	C:\WINDOWS\SYSTEM32\USERENV.dll
0x00007ff955be0000 - 0x00007ff955c0a000 	C:\WINDOWS\SYSTEM32\bcrypt.dll
0x00007ff955410000 - 0x00007ff95541c000 	C:\WINDOWS\SYSTEM32\CRYPTBASE.dll
0x00007ff93b250000 - 0x00007ff93b25e000 	C:\Users\hungk\.gradle\jdks\eclipse_adoptium-21-amd64-windows.2\bin\sunmscapi.dll
0x00007ff956a10000 - 0x00007ff956b87000 	C:\WINDOWS\System32\CRYPT32.dll
0x00007ff955610000 - 0x00007ff955640000 	C:\WINDOWS\SYSTEM32\ncrypt.dll
0x00007ff9555c0000 - 0x00007ff9555ff000 	C:\WINDOWS\SYSTEM32\NTASN1.dll
0x00007ff93f3e0000 - 0x00007ff93f3e8000 	C:\WINDOWS\system32\wshunix.dll

dbghelp: loaded successfully - version: 4.0.5 - missing functions: none
symbol engine: initialized successfully - sym options: 0x614 - pdb path: .;C:\Users\hungk\.gradle\jdks\eclipse_adoptium-21-amd64-windows.2\bin;C:\WINDOWS\SYSTEM32;C:\WINDOWS\WinSxS\amd64_microsoft.windows.common-controls_6595b64144ccf1df_6.0.26100.8115_none_3e075c82e3354f9c;C:\Users\hungk\.gradle\jdks\eclipse_adoptium-21-amd64-windows.2\bin\server;C:\Users\hungk\.gradle\native\660c5614fbf4a5f2a75b1949f50a0caf5cd603558e7d8a26e50b933a0cfb79d1\windows-amd64;C:\Users\hungk\.gradle\native\0.2.8\x86_64-windows-gnu

VM Arguments:
jvm_args: --add-opens=java.base/java.lang=ALL-UNNAMED --add-opens=java.base/java.lang.invoke=ALL-UNNAMED --add-opens=java.base/java.util=ALL-UNNAMED --add-opens=java.prefs/java.util.prefs=ALL-UNNAMED --add-exports=jdk.compiler/com.sun.tools.javac.api=ALL-UNNAMED --add-exports=jdk.compiler/com.sun.tools.javac.util=ALL-UNNAMED --add-opens=java.base/java.util=ALL-UNNAMED --add-opens=java.prefs/java.util.prefs=ALL-UNNAMED --add-opens=java.base/java.nio.charset=ALL-UNNAMED --add-opens=java.base/java.net=ALL-UNNAMED --add-opens=java.base/java.util.concurrent=ALL-UNNAMED --add-opens=java.base/java.util.concurrent.atomic=ALL-UNNAMED --add-opens=java.xml/javax.xml.namespace=ALL-UNNAMED --add-opens=java.base/java.time=ALL-UNNAMED -Xmx2048m -Dfile.encoding=UTF-8 -Duser.country=US -Duser.language=en -Duser.variant -javaagent:C:\Users\hungk\.gradle\wrapper\dists\gradle-9.3.1-bin\23ovyewtku6u96viwx3xl3oks\gradle-9.3.1\lib\agents\gradle-instrumentation-agent-9.3.1.jar 
java_command: org.gradle.launcher.daemon.bootstrap.GradleDaemon 9.3.1
java_class_path (initial): C:\Users\hungk\.gradle\wrapper\dists\gradle-9.3.1-bin\23ovyewtku6u96viwx3xl3oks\gradle-9.3.1\lib\gradle-daemon-main-9.3.1.jar
Launcher Type: SUN_STANDARD

[Global flags]
     intx CICompilerCount                          = 4                                         {product} {ergonomic}
     uint ConcGCThreads                            = 3                                         {product} {ergonomic}
     uint G1ConcRefinementThreads                  = 10                                        {product} {ergonomic}
   size_t G1HeapRegionSize                         = 1048576                                   {product} {ergonomic}
    uintx GCDrainStackTargetSize                   = 64                                        {product} {ergonomic}
   size_t InitialHeapSize                          = 130023424                                 {product} {ergonomic}
   size_t MarkStackSize                            = 4194304                                   {product} {ergonomic}
   size_t MaxHeapSize                              = 2147483648                                {product} {command line}
   size_t MaxNewSize                               = 1287651328                                {product} {ergonomic}
   size_t MinHeapDeltaBytes                        = 1048576                                   {product} {ergonomic}
   size_t MinHeapSize                              = 8388608                                   {product} {ergonomic}
    uintx NonNMethodCodeHeapSize                   = 5839372                                {pd product} {ergonomic}
    uintx NonProfiledCodeHeapSize                  = 122909434                              {pd product} {ergonomic}
    uintx ProfiledCodeHeapSize                     = 122909434                              {pd product} {ergonomic}
    uintx ReservedCodeCacheSize                    = 251658240                              {pd product} {ergonomic}
     bool SegmentedCodeCache                       = true                                      {product} {ergonomic}
   size_t SoftMaxHeapSize                          = 2147483648                             {manageable} {ergonomic}
     bool UseCompressedOops                        = true                           {product lp64_product} {ergonomic}
     bool UseG1GC                                  = true                                      {product} {ergonomic}
     bool UseLargePagesIndividualAllocation        = false                                  {pd product} {ergonomic}

Logging:
Log output configuration:
 #0: stdout all=warning uptime,level,tags foldmultilines=false
 #1: stderr all=off uptime,level,tags foldmultilines=false

Environment Variables:
JAVA_HOME=C:\Program Files\Eclipse Adoptium\jdk-17.0.18.8-hotspot
PATH=C:\ProgramData\Oracle\Java\javapath;C:\Program Files\Eclipse Adoptium\jdk-11.0.30.7-hotspot\bin;C:\Program Files\Eclipse Adoptium\jdk-17.0.18.8-hotspot\bin;C:\Program Files (x86)\VMware\VMware Workstation\bin\;C:\Program Files\Common Files\Oracle\Java\javapath;C:\Windows\system32;C:\Windows;C:\Windows\System32\Wbem;C:\Windows\System32\WindowsPowerShell\v1.0\;C:\Windows\System32\OpenSSH\;C:\Program Files (x86)\NVIDIA Corporation\PhysX\Common;C:\Program Files\NVIDIA Corporation\NVIDIA NvDLISR;C:\Program Files\Microsoft SQL Server\150\Tools\Binn\;C:\Program Files\Microsoft SQL Server\Client SDK\ODBC\170\Tools\Binn\;C:\Program Files\dotnet\;C:\Program Files (x86)\Microsoft SQL Server\160\Tools\Binn\;C:\Program Files\Microsoft SQL Server\160\Tools\Binn\;C:\Program Files\Microsoft SQL Server\160\DTS\Binn\;C:\Program Files (x86)\Microsoft SQL Server\160\DTS\Binn\;C:\WINDOWS\system32;C:\WINDOWS;C:\WINDOWS\System32\Wbem;C:\WINDOWS\System32\WindowsPowerShell\v1.0\;C:\WINDOWS\System32\OpenSSH\;C:\Program Files\nodejs\;C:\Program Files\Git\cmd;C:\xampp\php;C:\Program Files\Go\bin;C:\Program Files\Cloudflare\Cloudflare WARP\;C:\src\flutter_windows_3.29.2-stable\flutter\bin;D:\DOAN_chuyen_de_mobile\backend\apache-maven-3.9.11-bin\apache-maven-3.9.11\bin;C:\Users\hungk\AppData\Local\Programs\Python\Launcher\;C:\Users\hungk\AppData\Local\Microsoft\WindowsApps;C:\Users\hungk\.dotnet\tools;C:\Users\hungk\AppData\Local\Programs\Microsoft VS Code\bin;C:\Users\hungk\AppData\Roaming\npm;C:\Users\hungk\AppData\Local\Pub\Cache\bin;C:\Users\hungk\AppData\Local\Programs\DDN_CLI;C:\Users\hungk\AppData\Local\Android\Sdk\platform-tools;C:\Program Files\heroku\bin;C:\Users\hungk\go\bin;C:\Program Files\Eclipse Adoptium\jdk-17.0.18.8-hotspot\bin;C:\Users\hungk\AppData\Local\Programs\Antigravity\bin
USERNAME=hungk
TERM=xterm
OS=Windows_NT
PROCESSOR_IDENTIFIER=Intel64 Family 6 Model 141 Stepping 1, GenuineIntel
TMP=C:\Users\hungk\AppData\Local\Temp
TEMP=C:\Users\hungk\AppData\Local\Temp




Periodic native trim disabled

---------------  S Y S T E M  ---------------

OS:
 Windows 11 , 64 bit Build 26100 (10.0.26100.8246)
OS uptime: 1 days 2:39 hours

CPU: total 12 (initial active 12) (6 cores per cpu, 2 threads per core) family 6 model 141 stepping 1 microcode 0x50, cx8, cmov, fxsr, ht, mmx, 3dnowpref, sse, sse2, sse3, ssse3, sse4.1, sse4.2, popcnt, lzcnt, tsc, tscinvbit, avx, avx2, aes, erms, clmul, bmi1, bmi2, adx, avx512f, avx512dq, avx512cd, avx512bw, avx512vl, sha, fma, vzeroupper, avx512_vpopcntdq, avx512_vpclmulqdq, avx512_vaes, avx512_vnni, clflush, clflushopt, clwb, avx512_vbmi2, avx512_vbmi, rdtscp, rdpid, fsrm, gfni, avx512_bitalg, f16c, pku, cet_ibt, cet_ss, avx512_ifma
Processor Information for the first 12 processors :
  Max Mhz: 2688, Current Mhz: 2688, Mhz Limit: 2688

Memory: 4k page, system-wide physical 7913M (651M free)
TotalPageFile size 20201M (AvailPageFile size 3M)
current process WorkingSet (physical memory assigned to process): 187M, peak: 187M
current process commit charge ("private bytes"): 266M, peak: 267M

vm_info: OpenJDK 64-Bit Server VM (21.0.7+6-LTS) for windows-amd64 JRE (21.0.7+6-LTS), built on 2025-04-15T00:00:00Z by "admin" with MS VC++ 17.7 (VS2022)

END.
